// Jest Snapshot v1, https://goo.gl/fbAQLP

exports[`<Sort /> component should match the snapshot 1`] = `<div />`;
