// Jest Snapshot v1, https://goo.gl/fbAQLP

exports[`<Header /> component should match the snapshot 1`] = `
<nav
  className="navbar navbar-expand-lg navbar-dark bg-primary"
>
  <a
    className="navbar-brand"
    href="#"
  />
  <button
    aria-controls="navbarColor01"
    aria-expanded="false"
    aria-label="Toggle navigation"
    className="navbar-toggler"
    data-target="#navbarColor01"
    data-toggle="collapse"
    type="button"
  >
    <span
      className="navbar-toggler-icon"
    />
  </button>
  <div
    className="collapse navbar-collapse"
    id="navbarColor01"
  >
    <ul
      className="navbar-nav mr-auto"
    >
      <li
        className="nav-item active"
      >
        <a
          className="nav-link"
          href="#"
        >
          Home
        </a>
      </li>
    </ul>
    <form
      className="form-inline my-2 my-lg-0"
    >
      <input
        className="form-control mr-sm-2"
        placeholder="Search"
        type="text"
      />
      <button
        className="btn btn-secondary my-2 my-sm-0"
        type="submit"
      >
        Search
      </button>
    </form>
  </div>
</nav>
`;
