// Jest Snapshot v1, https://goo.gl/fbAQLP

exports[`<Search /> component should match the snapshot 1`] = `<div />`;
